Graph is:
0: 3/11	
1: 2/13	
2: 1/13	3/8	
3: 0/11	2/8	10/8	
4: 6/12	
5: 6/16	
6: 4/12	5/16	9/14	
7: 8/35	9/20	10/9	
8: 7/35	
9: 6/14	7/20	
10: 3/8	7/9	

The longest path is:
1 2 3 10 7 9 6 5 
The length of the longest path is 88.
