Graph is:
0: 3/31	
1: 2/13	
2: 1/13	3/28	4/29	
3: 0/31	2/28	
4: 2/29	6/12	26/28	
5: 6/16	11/24	
6: 4/12	5/16	9/14	
7: 8/28	9/20	10/29	20/30	21/35	22/17	
8: 7/28	
9: 6/14	7/20	
10: 7/29	
11: 5/24	13/12	14/5	23/10	
12: 13/18	
13: 11/12	12/18	
14: 11/5	15/7	
15: 14/7	
16: 23/21	
17: 23/22	
18: 23/24	
19: 23/15	
20: 7/30	
21: 7/35	
22: 7/17	
23: 11/10	16/21	17/22	18/24	19/15	
24: 27/23	
25: 26/32	27/27	
26: 4/28	25/32	
27: 24/23	25/27	

The longest path is:
0 3 2 4 26 25 27 24 
The length of the longest path is 198.
