Graph is:
0: 1/4	2/5	
1: 3/8	4/11	
2: 3/1	5/9	
3: 5/3	6/7	
4: 5/5	6/1	
5: 6/3	
6: 
Shortest distances from 2 to all reachable nodes are:
2 0
3 1
5 4
6 7
