Graph is:
0: 3/2	12/3	
1: 0/4	6/5	
2: 11/1	
3: 5/1	7/5	
4: 8/5	
5: 7/3	8/2	
6: 3/9	
7: 8/4	
8: 2/3	11/7	
9: 1/10	10/3	12/7	
10: 6/8	
11: 
12: 4/6	5/7	
Shortest distances from 1 to all reachable nodes are:
0 4
1 0
2 12
3 6
4 13
5 7
6 5
7 10
8 9
11 13
12 7
