Running biMutexSink.
The graph is NOT bi-Mutex-Sink.
