Adjacency lists of the graph are:
0: 1 
1: 3 
2: 5 
3: 0 
4: 2 
5: 4 
The graph is NOT a flower-graph.
