Adjacency lists of the graph are:
0: 3 
1: 2 
2: 0 
3: 4 1 
4: 2 
The graph is NOT a flower-graph.
