Adjacency lists of the graph are:
0: 1 
1: 2 3 
2: 1 5 
3: 0 
4: 2 
5: 4 
The graph is NOT a flower-graph.
