Adjacency lists of the graph are:
0: 1 
1: 2 3 
2: 
3: 0 
The graph is NOT a flower-graph.
