Adjacency lists of the graph are:
0: 1 
1: 3 
2: 0 
3: 0 
The graph is NOT a flower-graph.
