Running butterflyGraph.
The graph is NOT a butterfly graph.
